// Jest Snapshot v1, https://goo.gl/fbAQLP

exports[`<AlertModal/> renders correctly 1`] = `
<Modal
  animationType="fade"
  hardwareAccelerated={false}
  statusBarTranslucent={true}
  transparent={true}
  visible={true}
>
  <View
    accessible={true}
    focusable={false}
    onClick={[Function]}
    onResponderGrant={[Function]}
    onResponderMove={[Function]}
    onResponderRelease={[Function]}
    onResponderTerminate={[Function]}
    onResponderTerminationRequest={[Function]}
    onStartShouldSetResponder={[Function]}
    style={
      Object {
        "alignItems": "center",
        "backgroundColor": "rgba(0,0,0,0.44)",
        "flex": 1,
        "justifyContent": "center",
      }
    }
  >
    <View
      style={
        Object {
          "backgroundColor": "#1F1F1F",
          "borderRadius": 5,
          "padding": 20,
          "width": "80%",
        }
      }
    >
      <View
        style={
          Object {
            "alignItems": "center",
            "justifyContent": "center",
            "marginBottom": 20,
          }
        }
      >
        <Text
          invert={true}
          style={
            Array [
              Object {
                "fontFamily": "OpenSans-SemiBold",
                "fontSize": 20,
                "lineHeight": 25,
              },
              Object {
                "color": "#fff",
              },
              undefined,
            ]
          }
          text="title"
        >
          title
        </Text>
        <Text
          style={
            Array [
              Object {
                "color": "#5C5C5C",
                "fontFamily": "OpenSans-Regular",
                "fontSize": 16,
                "lineHeight": 20,
              },
              undefined,
              Object {
                "color": "#fff",
                "fontSize": 16,
                "marginTop": 10,
                "textAlign": "center",
              },
            ]
          }
          text="message"
        >
          message
        </Text>
      </View>
      <View
        style={
          Object {
            "flexDirection": "row",
            "justifyContent": "space-between",
          }
        }
      >
        <View
          accessible={true}
          focusable={false}
          onClick={[Function]}
          onResponderGrant={[Function]}
          onResponderMove={[Function]}
          onResponderRelease={[Function]}
          onResponderTerminate={[Function]}
          onResponderTerminationRequest={[Function]}
          onStartShouldSetResponder={[Function]}
          style={
            Object {
              "alignItems": "center",
              "backgroundColor": "#B31F31",
              "borderColor": "#B31F31",
              "borderRadius": 50,
              "justifyContent": "center",
              "opacity": 1,
              "paddingHorizontal": 40,
              "paddingVertical": 2,
            }
          }
        >
          <Text
            invert={true}
            style={
              Array [
                Object {
                  "fontFamily": "OpenSans-SemiBold",
                  "fontSize": 20,
                  "lineHeight": 25,
                },
                Object {
                  "color": "#fff",
                },
                undefined,
              ]
            }
            text="Yes"
          >
            Yes
          </Text>
        </View>
        <View
          accessible={true}
          focusable={false}
          onClick={[Function]}
          onResponderGrant={[Function]}
          onResponderMove={[Function]}
          onResponderRelease={[Function]}
          onResponderTerminate={[Function]}
          onResponderTerminationRequest={[Function]}
          onStartShouldSetResponder={[Function]}
          style={
            Object {
              "alignItems": "center",
              "backgroundColor": "#fff",
              "borderRadius": 50,
              "justifyContent": "center",
              "opacity": 1,
              "paddingHorizontal": 40,
              "paddingVertical": 2,
            }
          }
        >
          <Text
            style={
              Array [
                Object {
                  "fontFamily": "OpenSans-SemiBold",
                  "fontSize": 20,
                  "lineHeight": 25,
                },
                undefined,
                undefined,
              ]
            }
            text="No"
          >
            No
          </Text>
        </View>
      </View>
    </View>
  </View>
</Modal>
`;
