// Jest Snapshot v1, https://goo.gl/fbAQLP

exports[`<Block/> renders correctly 1`] = `
<View
  accessible={true}
  focusable={false}
  onClick={[Function]}
  onResponderGrant={[Function]}
  onResponderMove={[Function]}
  onResponderRelease={[Function]}
  onResponderTerminate={[Function]}
  onResponderTerminationRequest={[Function]}
  onStartShouldSetResponder={[Function]}
  style={
    Object {
      "opacity": 1,
    }
  }
>
  <View
    style={
      Array [
        Object {
          "alignItems": "center",
          "backgroundColor": "red",
          "borderRadius": 5,
          "flexDirection": "row",
          "justifyContent": "space-between",
          "marginVertical": 5,
          "paddingHorizontal": 10,
          "paddingVertical": 12,
        },
      ]
    }
  >
    <View
      style={
        Object {
          "flex": 3,
          "marginHorizontal": 10,
        }
      }
    >
      <View
        style={
          Object {
            "flexDirection": "row",
          }
        }
      >
        <View
          style={Object {}}
        >
          <Text
            invert="red"
            style={
              Array [
                Object {
                  "color": "#1F1F1F",
                  "fontFamily": "OpenSans-Bold",
                  "fontSize": 18,
                  "fontWeight": "500",
                  "lineHeight": 22,
                },
                Object {
                  "color": "#fff",
                },
                undefined,
              ]
            }
            text="title"
          >
            title
          </Text>
          <Text
            invert="red"
            style={
              Array [
                Object {
                  "color": "#5C5C5C",
                  "fontFamily": "OpenSans-Regular",
                  "fontSize": 16,
                  "lineHeight": 20,
                },
                Object {
                  "color": "#fff",
                },
                undefined,
              ]
            }
            text="caption"
          >
            caption
          </Text>
        </View>
        <View
          style={
            Array [
              Object {
                "alignItems": "flex-end",
                "flex": 1,
              },
              undefined,
            ]
          }
        />
      </View>
    </View>
  </View>
</View>
`;
