// Jest Snapshot v1, https://goo.gl/fbAQLP

exports[`<ExpandableBlock/> renders correctly 1`] = `
<View
  style={
    Array [
      Object {
        "backgroundColor": "red",
        "borderColor": "#E5E5E5",
        "borderRadius": 5,
        "borderWidth": 1,
        "marginVertical": 5,
        "paddingHorizontal": 10,
        "paddingVertical": 12,
      },
      undefined,
    ]
  }
>
  <View
    accessible={true}
    focusable={false}
    onClick={[Function]}
    onResponderGrant={[Function]}
    onResponderMove={[Function]}
    onResponderRelease={[Function]}
    onResponderTerminate={[Function]}
    onResponderTerminationRequest={[Function]}
    onStartShouldSetResponder={[Function]}
    style={
      Object {
        "opacity": 1,
      }
    }
  >
    <View
      style={
        Array [
          Object {
            "alignItems": "center",
            "flexDirection": "row",
          },
          undefined,
        ]
      }
    >
      <View
        style={
          Object {
            "flex": 4,
            "marginHorizontal": 10,
          }
        }
      >
        <View
          style={
            Object {
              "alignItems": "center",
              "flexDirection": "row",
            }
          }
        >
          <Text
            invert="red"
            style={
              Array [
                Object {
                  "color": "#1F1F1F",
                  "fontFamily": "OpenSans-Bold",
                  "fontSize": 18,
                  "fontWeight": "500",
                  "lineHeight": 22,
                },
                Object {
                  "color": "#fff",
                },
                undefined,
              ]
            }
            text="title"
          >
            title
          </Text>
        </View>
        <Text
          invert="red"
          style={
            Array [
              Object {
                "color": "#5C5C5C",
                "fontFamily": "OpenSans-Regular",
                "fontSize": 16,
                "lineHeight": 20,
              },
              Object {
                "color": "#fff",
              },
              undefined,
            ]
          }
          text="caption"
        >
          caption
        </Text>
      </View>
    </View>
  </View>
</View>
`;
